// Jest Snapshot v1, https://goo.gl/fbAQLP

exports[`SearchLink Renders properly 1`] = `
<View
  accessible={true}
  background="#F8F8F8"
  height={46}
  mb={1}
  onResponderGrant={[Function]}
  onResponderMove={[Function]}
  onResponderRelease={[Function]}
  onResponderTerminate={[Function]}
  onResponderTerminationRequest={[Function]}
  onStartShouldSetResponder={[Function]}
  px={2}
  py={1}
  style={
    Array [
      Object {
        "backgroundColor": "#F8F8F8",
        "height": 46,
        "marginBottom": 10,
        "paddingBottom": 10,
        "paddingLeft": 20,
        "paddingRight": 20,
        "paddingTop": 10,
      },
    ]
  }
>
  <View
    alignItems="center"
    flexDirection="row"
    flexWrap="nowrap"
    style={
      Array [
        Object {
          "alignItems": "center",
          "display": "flex",
          "flexDirection": "row",
          "flexWrap": "nowrap",
        },
      ]
    }
  >
    <RNSVGSvgView
      align="xMidYMid"
      bbHeight={14}
      bbWidth={14}
      height={14}
      meetOrSlice={0}
      minX={0}
      minY={0}
      style={
        Array [
          Object {
            "backgroundColor": "transparent",
            "borderWidth": 0,
          },
          undefined,
          null,
          Object {
            "flex": 0,
            "height": 14,
            "width": 14,
          },
        ]
      }
      vbHeight={54}
      vbWidth={54}
      width={14}
    >
      <RNSVGGroup
        fill={
          Array [
            0,
            4278190080,
          ]
        }
        fillOpacity={1}
        fillRule={1}
        font={Object {}}
        matrix={
          Array [
            1,
            0,
            0,
            1,
            0,
            0,
          ]
        }
        opacity={1}
        originX={0}
        originY={0}
        propList={Array []}
        rotation={0}
        scaleX={1}
        scaleY={1}
        skewX={0}
        skewY={0}
        stroke={null}
        strokeDasharray={null}
        strokeDashoffset={null}
        strokeLinecap={0}
        strokeLinejoin={0}
        strokeMiterlimit={4}
        strokeOpacity={1}
        strokeWidth={1}
        vectorEffect={0}
        x={0}
        y={0}
      >
        <RNSVGPath
          d="M49.7 46.9L38.2 35.3c2.5-3.1 4-7 4-11.3C42.1 14 34 5.9 24 5.9S5.9 14 5.9 24C5.9 34 14 42.1 24 42.1c4.3 0 8.2-1.5 11.3-4l11.6 11.6c.4.4 1 .4 1.4 0l1.4-1.4c.4-.4.4-1 0-1.4zM10 24c0-7.7 6.3-14 14-14s14 6.3 14 14-6.3 14-14 14-14-6.3-14-14z"
          fill={
            Array [
              0,
              4284900966,
            ]
          }
          fillOpacity={1}
          fillRule={1}
          matrix={
            Array [
              1,
              0,
              0,
              1,
              0,
              0,
            ]
          }
          opacity={1}
          originX={0}
          originY={0}
          propList={
            Array [
              "fill",
              "fillRule",
            ]
          }
          rotation={0}
          scaleX={1}
          scaleY={1}
          skewX={0}
          skewY={0}
          stroke={null}
          strokeDasharray={null}
          strokeDashoffset={null}
          strokeLinecap={0}
          strokeLinejoin={0}
          strokeMiterlimit={4}
          strokeOpacity={1}
          strokeWidth={1}
          vectorEffect={0}
          x={0}
          y={0}
        />
      </RNSVGGroup>
    </RNSVGSvgView>
    <View
      ml={1}
      pt={0.3}
      style={
        Array [
          Object {
            "marginLeft": 10,
            "paddingTop": 3,
          },
        ]
      }
    >
      <Text
        color="#666"
        fontFamily="ReactNativeAGaramondPro-Regular"
        fontSize="16px"
        lineHeight="24px"
        style={
          Array [
            Object {
              "color": "#666",
              "fontFamily": "ReactNativeAGaramondPro-Regular",
              "fontSize": 16,
              "lineHeight": 24,
            },
            Object {},
          ]
        }
      >
        Search exhibitors & artists
      </Text>
    </View>
  </View>
</View>
`;
