// Jest Snapshot v1, https://goo.gl/fbAQLP

exports[`PartnerArtwork renders the artworks 1`] = `"<rctscrollview scrolleventthrottle=\\"1e-10\\" data=\\"[object Object]\\" initialnumtorender=\\"10\\" maxtorenderperbatch=\\"10\\" updatecellsbatchingperiod=\\"50\\" windowsize=\\"21\\" numcolumns=\\"1\\" viewabilityconfigcallbackpairs=\\"\\" stickyheaderindices=\\"\\"><view><view><view></view></view><view><view><view style=\\"flex-direction: row;\\" accessibilitylabel=\\"Artworks Content View\\"></view></view></view></view></rctscrollview>"`;
