// Jest Snapshot v1, https://goo.gl/fbAQLP

exports[`Sort Options Screen renders properly 1`] = `
<View
  flexGrow={1}
  style={
    Array [
      Object {
        "display": "flex",
        "flexGrow": 1,
      },
    ]
  }
>
  <View
    style={
      Array [
        Object {
          "display": "flex",
          "flexDirection": "row",
          "justifyContent": "space-between",
          "paddingRight": 20,
        },
      ]
    }
  >
    <View
      alignItems="flex-end"
      mb={2}
      mt={0.5}
      style={
        Array [
          Object {
            "alignItems": "flex-end",
            "display": "flex",
            "marginBottom": 20,
            "marginTop": 5,
          },
        ]
      }
    >
      <View
        ml={2}
        mt={2}
        onTouchStart={[Function]}
        style={
          Array [
            Object {
              "marginLeft": 20,
              "marginTop": 20,
            },
          ]
        }
      >
        <RNSVGSvgView
          align="xMidYMid"
          bbHeight="18px"
          bbWidth="18px"
          className="Iconios__Icon-z4d8jr-0 cjvLsm"
          fill="black100"
          focusable={false}
          height="18px"
          meetOrSlice={0}
          minX={0}
          minY={0}
          style={
            Array [
              Object {
                "backgroundColor": "transparent",
                "borderWidth": 0,
              },
              undefined,
              Object {
                "opacity": 1,
              },
              Object {
                "flex": 0,
                "height": 18,
                "width": 18,
              },
            ]
          }
          vbHeight={18}
          vbWidth={18}
          width="18px"
        >
          <RNSVGGroup
            fill={
              Array [
                0,
                4278190080,
              ]
            }
            fillOpacity={1}
            fillRule={1}
            font={Object {}}
            matrix={
              Array [
                1,
                0,
                0,
                1,
                0,
                0,
              ]
            }
            opacity={1}
            originX={0}
            originY={0}
            propList={
              Array [
                "fill",
              ]
            }
            rotation={0}
            scaleX={1}
            scaleY={1}
            skewX={0}
            skewY={0}
            stroke={null}
            strokeDasharray={null}
            strokeDashoffset={null}
            strokeLinecap={0}
            strokeLinejoin={0}
            strokeMiterlimit={4}
            strokeOpacity={1}
            strokeWidth={1}
            vectorEffect={0}
            x={0}
            y={0}
          >
            <RNSVGPath
              d="M12.06 15.94L5.12 9l6.94-6.94.88.88L6.88 9l6.06 6.06z"
              fill={
                Array [
                  0,
                  4278190080,
                ]
              }
              fillOpacity={1}
              fillRule={0}
              matrix={
                Array [
                  1,
                  0,
                  0,
                  1,
                  0,
                  0,
                ]
              }
              opacity={1}
              originX={0}
              originY={0}
              propList={
                Array [
                  "fill",
                  "fillRule",
                ]
              }
              rotation={0}
              scaleX={1}
              scaleY={1}
              skewX={0}
              skewY={0}
              stroke={null}
              strokeDasharray={null}
              strokeDashoffset={null}
              strokeLinecap={0}
              strokeLinejoin={0}
              strokeMiterlimit={4}
              strokeOpacity={1}
              strokeWidth={1}
              vectorEffect={0}
              x={0}
              y={0}
            />
          </RNSVGGroup>
        </RNSVGSvgView>
      </View>
    </View>
    <Text
      fontFamily="Unica77LL-Medium"
      fontSize="16px"
      lineHeight="26px"
      mt={2}
      style={
        Array [
          Object {
            "fontFamily": "Unica77LL-Medium",
            "fontSize": 16,
            "lineHeight": 26,
            "marginTop": 20,
          },
          Object {},
        ]
      }
    >
      Sort
    </Text>
    <View
      style={
        Array [
          Object {},
        ]
      }
    />
  </View>
  <View
    style={
      Array [
        Object {
          "display": "flex",
        },
      ]
    }
  >
    <RCTScrollView
      data={
        Array [
          "Default",
          "Price (low to high)",
          "Price (high to low)",
          "Recently Updated",
          "Recently Added",
          "Artwork year (descending)",
          "Artwork year (ascending)",
        ]
      }
      disableVirtualization={false}
      getItem={[Function]}
      getItemCount={[Function]}
      horizontal={false}
      initialNumToRender={10}
      keyExtractor={[Function]}
      maxToRenderPerBatch={10}
      numColumns={1}
      onContentSizeChange={[Function]}
      onEndReachedThreshold={2}
      onLayout={[Function]}
      onMomentumScrollEnd={[Function]}
      onScroll={[Function]}
      onScrollBeginDrag={[Function]}
      onScrollEndDrag={[Function]}
      removeClippedSubviews={false}
      renderItem={[Function]}
      scrollEventThrottle={50}
      stickyHeaderIndices={Array []}
      updateCellsBatchingPeriod={50}
      viewabilityConfigCallbackPairs={Array []}
      windowSize={21}
    >
      <View>
        <View
          onLayout={[Function]}
          style={null}
        >
          <View
            style={
              Array [
                Object {},
              ]
            }
          >
            <View
              style={
                Array [
                  Object {
                    "borderColor": "#E5E5E5",
                    "borderLeftWidth": 0,
                    "borderRightWidth": 0,
                    "borderStyle": "solid",
                    "borderWidth": 0.5,
                    "display": "flex",
                    "flexBasis": 0,
                    "flexDirection": "row",
                    "flexGrow": 1,
                    "flexShrink": 1,
                    "justifyContent": "space-between",
                    "width": "100%",
                  },
                ]
              }
            >
              <View
                flexDirection="row"
                flexGrow={1}
                justifyContent="space-between"
                p={2}
                style={
                  Array [
                    Object {
                      "display": "flex",
                      "flexDirection": "row",
                      "flexGrow": 1,
                      "justifyContent": "space-between",
                      "paddingBottom": 20,
                      "paddingLeft": 20,
                      "paddingRight": 20,
                      "paddingTop": 20,
                    },
                  ]
                }
              >
                <Text
                  fontFamily="ReactNativeAGaramondPro-Regular"
                  fontSize="16px"
                  lineHeight="24px"
                  style={
                    Array [
                      Object {
                        "fontFamily": "ReactNativeAGaramondPro-Regular",
                        "fontSize": 16,
                        "lineHeight": 24,
                      },
                      Object {},
                    ]
                  }
                >
                  Default
                </Text>
              </View>
            </View>
          </View>
        </View>
        <View
          onLayout={[Function]}
          style={null}
        >
          <View
            style={
              Array [
                Object {},
              ]
            }
          >
            <View
              style={
                Array [
                  Object {
                    "borderColor": "#E5E5E5",
                    "borderLeftWidth": 0,
                    "borderRightWidth": 0,
                    "borderStyle": "solid",
                    "borderWidth": 0.5,
                    "display": "flex",
                    "flexBasis": 0,
                    "flexDirection": "row",
                    "flexGrow": 1,
                    "flexShrink": 1,
                    "justifyContent": "space-between",
                    "width": "100%",
                  },
                ]
              }
            >
              <View
                flexDirection="row"
                flexGrow={1}
                justifyContent="space-between"
                p={2}
                style={
                  Array [
                    Object {
                      "display": "flex",
                      "flexDirection": "row",
                      "flexGrow": 1,
                      "justifyContent": "space-between",
                      "paddingBottom": 20,
                      "paddingLeft": 20,
                      "paddingRight": 20,
                      "paddingTop": 20,
                    },
                  ]
                }
              >
                <Text
                  fontFamily="ReactNativeAGaramondPro-Regular"
                  fontSize="16px"
                  lineHeight="24px"
                  style={
                    Array [
                      Object {
                        "fontFamily": "ReactNativeAGaramondPro-Regular",
                        "fontSize": 16,
                        "lineHeight": 24,
                      },
                      Object {},
                    ]
                  }
                >
                  Price (low to high)
                </Text>
              </View>
            </View>
          </View>
        </View>
        <View
          onLayout={[Function]}
          style={null}
        >
          <View
            style={
              Array [
                Object {},
              ]
            }
          >
            <View
              style={
                Array [
                  Object {
                    "borderColor": "#E5E5E5",
                    "borderLeftWidth": 0,
                    "borderRightWidth": 0,
                    "borderStyle": "solid",
                    "borderWidth": 0.5,
                    "display": "flex",
                    "flexBasis": 0,
                    "flexDirection": "row",
                    "flexGrow": 1,
                    "flexShrink": 1,
                    "justifyContent": "space-between",
                    "width": "100%",
                  },
                ]
              }
            >
              <View
                flexDirection="row"
                flexGrow={1}
                justifyContent="space-between"
                p={2}
                style={
                  Array [
                    Object {
                      "display": "flex",
                      "flexDirection": "row",
                      "flexGrow": 1,
                      "justifyContent": "space-between",
                      "paddingBottom": 20,
                      "paddingLeft": 20,
                      "paddingRight": 20,
                      "paddingTop": 20,
                    },
                  ]
                }
              >
                <Text
                  fontFamily="ReactNativeAGaramondPro-Regular"
                  fontSize="16px"
                  lineHeight="24px"
                  style={
                    Array [
                      Object {
                        "fontFamily": "ReactNativeAGaramondPro-Regular",
                        "fontSize": 16,
                        "lineHeight": 24,
                      },
                      Object {},
                    ]
                  }
                >
                  Price (high to low)
                </Text>
              </View>
            </View>
          </View>
        </View>
        <View
          onLayout={[Function]}
          style={null}
        >
          <View
            style={
              Array [
                Object {},
              ]
            }
          >
            <View
              style={
                Array [
                  Object {
                    "borderColor": "#E5E5E5",
                    "borderLeftWidth": 0,
                    "borderRightWidth": 0,
                    "borderStyle": "solid",
                    "borderWidth": 0.5,
                    "display": "flex",
                    "flexBasis": 0,
                    "flexDirection": "row",
                    "flexGrow": 1,
                    "flexShrink": 1,
                    "justifyContent": "space-between",
                    "width": "100%",
                  },
                ]
              }
            >
              <View
                flexDirection="row"
                flexGrow={1}
                justifyContent="space-between"
                p={2}
                style={
                  Array [
                    Object {
                      "display": "flex",
                      "flexDirection": "row",
                      "flexGrow": 1,
                      "justifyContent": "space-between",
                      "paddingBottom": 20,
                      "paddingLeft": 20,
                      "paddingRight": 20,
                      "paddingTop": 20,
                    },
                  ]
                }
              >
                <Text
                  fontFamily="ReactNativeAGaramondPro-Regular"
                  fontSize="16px"
                  lineHeight="24px"
                  style={
                    Array [
                      Object {
                        "fontFamily": "ReactNativeAGaramondPro-Regular",
                        "fontSize": 16,
                        "lineHeight": 24,
                      },
                      Object {},
                    ]
                  }
                >
                  Recently Updated
                </Text>
              </View>
            </View>
          </View>
        </View>
        <View
          onLayout={[Function]}
          style={null}
        >
          <View
            style={
              Array [
                Object {},
              ]
            }
          >
            <View
              style={
                Array [
                  Object {
                    "borderColor": "#E5E5E5",
                    "borderLeftWidth": 0,
                    "borderRightWidth": 0,
                    "borderStyle": "solid",
                    "borderWidth": 0.5,
                    "display": "flex",
                    "flexBasis": 0,
                    "flexDirection": "row",
                    "flexGrow": 1,
                    "flexShrink": 1,
                    "justifyContent": "space-between",
                    "width": "100%",
                  },
                ]
              }
            >
              <View
                flexDirection="row"
                flexGrow={1}
                justifyContent="space-between"
                p={2}
                style={
                  Array [
                    Object {
                      "display": "flex",
                      "flexDirection": "row",
                      "flexGrow": 1,
                      "justifyContent": "space-between",
                      "paddingBottom": 20,
                      "paddingLeft": 20,
                      "paddingRight": 20,
                      "paddingTop": 20,
                    },
                  ]
                }
              >
                <Text
                  fontFamily="ReactNativeAGaramondPro-Regular"
                  fontSize="16px"
                  lineHeight="24px"
                  style={
                    Array [
                      Object {
                        "fontFamily": "ReactNativeAGaramondPro-Regular",
                        "fontSize": 16,
                        "lineHeight": 24,
                      },
                      Object {},
                    ]
                  }
                >
                  Recently Added
                </Text>
              </View>
            </View>
          </View>
        </View>
        <View
          onLayout={[Function]}
          style={null}
        >
          <View
            style={
              Array [
                Object {},
              ]
            }
          >
            <View
              style={
                Array [
                  Object {
                    "borderColor": "#E5E5E5",
                    "borderLeftWidth": 0,
                    "borderRightWidth": 0,
                    "borderStyle": "solid",
                    "borderWidth": 0.5,
                    "display": "flex",
                    "flexBasis": 0,
                    "flexDirection": "row",
                    "flexGrow": 1,
                    "flexShrink": 1,
                    "justifyContent": "space-between",
                    "width": "100%",
                  },
                ]
              }
            >
              <View
                flexDirection="row"
                flexGrow={1}
                justifyContent="space-between"
                p={2}
                style={
                  Array [
                    Object {
                      "display": "flex",
                      "flexDirection": "row",
                      "flexGrow": 1,
                      "justifyContent": "space-between",
                      "paddingBottom": 20,
                      "paddingLeft": 20,
                      "paddingRight": 20,
                      "paddingTop": 20,
                    },
                  ]
                }
              >
                <Text
                  fontFamily="ReactNativeAGaramondPro-Regular"
                  fontSize="16px"
                  lineHeight="24px"
                  style={
                    Array [
                      Object {
                        "fontFamily": "ReactNativeAGaramondPro-Regular",
                        "fontSize": 16,
                        "lineHeight": 24,
                      },
                      Object {},
                    ]
                  }
                >
                  Artwork year (descending)
                </Text>
              </View>
            </View>
          </View>
        </View>
        <View
          onLayout={[Function]}
          style={null}
        >
          <View
            style={
              Array [
                Object {},
              ]
            }
          >
            <View
              style={
                Array [
                  Object {
                    "borderColor": "#E5E5E5",
                    "borderLeftWidth": 0,
                    "borderRightWidth": 0,
                    "borderStyle": "solid",
                    "borderWidth": 0.5,
                    "display": "flex",
                    "flexBasis": 0,
                    "flexDirection": "row",
                    "flexGrow": 1,
                    "flexShrink": 1,
                    "justifyContent": "space-between",
                    "width": "100%",
                  },
                ]
              }
            >
              <View
                flexDirection="row"
                flexGrow={1}
                justifyContent="space-between"
                p={2}
                style={
                  Array [
                    Object {
                      "display": "flex",
                      "flexDirection": "row",
                      "flexGrow": 1,
                      "justifyContent": "space-between",
                      "paddingBottom": 20,
                      "paddingLeft": 20,
                      "paddingRight": 20,
                      "paddingTop": 20,
                    },
                  ]
                }
              >
                <Text
                  fontFamily="ReactNativeAGaramondPro-Regular"
                  fontSize="16px"
                  lineHeight="24px"
                  style={
                    Array [
                      Object {
                        "fontFamily": "ReactNativeAGaramondPro-Regular",
                        "fontSize": 16,
                        "lineHeight": 24,
                      },
                      Object {},
                    ]
                  }
                >
                  Artwork year (ascending)
                </Text>
              </View>
            </View>
          </View>
        </View>
      </View>
    </RCTScrollView>
  </View>
  <View
    style={
      Array [
        Object {
          "backgroundColor": "#E5E5E5",
          "display": "flex",
          "flexGrow": 1,
        },
      ]
    }
  />
</View>
`;
