exports[`test renders properly 1`] = `
<View>
  <View
    style={
      Object {
        "alignItems": "center",
        "height": 36,
        "justifyContent": "center",
        "marginTop": 15,
        "paddingLeft": 40,
        "paddingRight": 40,
      }
    }>
    <Text
      accessible={true}
      allowFontScaling={true}
      ellipsizeMode="tail"
      numberOfLines={2}
      style={
        Array [
          Object {
            "fontSize": 12,
          },
          Object {
            "fontSize": 20,
            "textAlign": "center",
          },
          Object {
            "fontFamily": "Avant Garde Gothic ITCW01Dm",
          },
        ]
      }>
      DEEP TIME
    </Text>
  </View>
  <View
    style={
      Object {
        "height": 40,
        "marginTop": 30,
      }
    }>
    <View
      accessibilityComponentType={undefined}
      accessibilityLabel={undefined}
      accessibilityTraits={undefined}
      accessible={true}
      hasTVPreferredFocus={undefined}
      hitSlop={undefined}
      isTVSelectable={true}
      onLayout={undefined}
      onResponderGrant={[Function]}
      onResponderMove={[Function]}
      onResponderRelease={[Function]}
      onResponderTerminate={[Function]}
      onResponderTerminationRequest={[Function]}
      onStartShouldSetResponder={[Function]}
      style={
        Array [
          Object {
            "backgroundColor": "transparent",
          },
          Object {
            "alignItems": "center",
            "backgroundColor": "rgba(0, 0, 0, 1)",
            "flex": 1,
            "justifyContent": "center",
          },
        ]
      }
      testID={undefined}
      tvParallaxProperties={undefined}>
      <View>
        <Text
          accessible={true}
          allowFontScaling={true}
          ellipsizeMode="tail"
          style={
            Array [
              Object {
                "fontSize": 12,
              },
              Object {
                "color": "white",
                "opacity": 1,
              },
              Object {
                "fontFamily": "Avant Garde Gothic ITCW01Dm",
              },
            ]
          }>
          
        </Text>
      </View>
    </View>
  </View>
</View>
`;
