exports[`test looks like expected 1`] = `
<View>
  <View
    style={
      Array [
        Object {
          "alignSelf": "flex-start",
          "borderColor": "red",
          "borderWidth": 1,
        },
        Array [
          Object {
            "height": 46,
          },
          Object {
            "marginBottom": 30,
            "marginLeft": 0,
            "marginRight": 0,
            "marginTop": 30,
          },
        ],
      ]
    } />
  <View />
</View>
`;
