// Jest Snapshot v1, https://goo.gl/fbAQLP

exports[`ArtistListItem renders properly 1`] = `"<view justifycontent=\\"space-between\\" alignitems=\\"center\\" flexdirection=\\"row\\"><image resizemode=\\"stretch\\" style=\\"width: 45px; height: 45px; border-radius: 22.5px;\\" source=\\"[object Object]\\"></image><view m=\\"1\\"></view><view flexdirection=\\"column\\" alignitems=\\"flex-start\\"><text font-family=\\"AGaramondPro-Regular\\" font-size=\\"16px\\" lineheight=\\"20px\\">Pablo Picasso</text><text font-family=\\"Unica77LL-Regular\\" font-size=\\"14px\\" lineheight=\\"20px\\" color=\\"black60\\">Spanish, 1881-1973</text></view><view m=\\"1\\"></view><view flexdirection=\\"row\\"><view variant=\\"primaryBlack\\" theme=\\"[object Object]\\" px=\\"1\\"><text font-family=\\"Unica77LL-Medium\\" font-size=\\"12px\\" lineheight=\\"16px\\" color=\\"#FFF\\">Follow</text></view></view></view>"`;
