// Jest Snapshot v1, https://goo.gl/fbAQLP

exports[`looks like expected 1`] = `
<View
  style={
    Object {
      "marginTop": 22,
    }
  }
>
  <Modal
    animationType="fade"
    hardwareAccelerated={false}
    transparent={true}
    visible={false}
  >
    <View
      accessible={true}
      onResponderGrant={[Function]}
      onResponderMove={[Function]}
      onResponderRelease={[Function]}
      onResponderTerminate={[Function]}
      onResponderTerminationRequest={[Function]}
      onStartShouldSetResponder={[Function]}
      style={
        Array [
          Object {
            "alignItems": "center",
            "backgroundColor": "#00000099",
            "flexBasis": 0,
            "flexDirection": "column",
            "flexGrow": 1,
            "flexShrink": 1,
            "justifyContent": "center",
          },
        ]
      }
    >
      <View
        accessible={true}
        onResponderGrant={[Function]}
        onResponderMove={[Function]}
        onResponderRelease={[Function]}
        onResponderTerminate={[Function]}
        onResponderTerminationRequest={[Function]}
        onStartShouldSetResponder={[Function]}
        style={
          Array [
            Object {
              "backgroundColor": "white",
              "borderRadius": 2,
              "opacity": 1,
              "paddingBottom": 20,
              "paddingLeft": 20,
              "paddingRight": 20,
              "paddingTop": 20,
              "width": 300,
            },
          ]
        }
      >
        <View
          style={
            Object {
              "paddingBottom": 10,
            }
          }
        >
          <Text
            fontFamily="Unica77LL-Medium"
            fontSize="14px"
            lineHeight="24px"
            style={
              Array [
                Object {
                  "fontFamily": "Unica77LL-Medium",
                  "fontSize": 14,
                  "lineHeight": 24,
                },
                Object {},
              ]
            }
          >
            An error occurred
          </Text>
        </View>
        <View
          style={
            Object {
              "paddingBottom": 30,
            }
          }
        >
          <Text
            color="#666"
            fontFamily="Unica77LL-Regular"
            fontSize="14px"
            lineHeight="24px"
            style={
              Array [
                Object {
                  "color": "#666",
                  "fontFamily": "Unica77LL-Regular",
                  "fontSize": 14,
                  "lineHeight": 24,
                },
                Object {},
              ]
            }
          >
            This is an error moop.
          </Text>
        </View>
        <View
          accessible={true}
          onResponderGrant={[Function]}
          onResponderMove={[Function]}
          onResponderRelease={[Function]}
          onResponderTerminate={[Function]}
          onResponderTerminationRequest={[Function]}
          onStartShouldSetResponder={[Function]}
          style={
            Object {
              "alignItems": "center",
              "backgroundColor": "rgba(255, 255, 255, 1)",
              "borderColor": "rgba(229, 229, 229, 1)",
              "borderRadius": 2,
              "borderWidth": 2,
              "height": 40,
              "justifyContent": "center",
              "opacity": 1,
            }
          }
        >
          <Text
            color="black"
            fontFamily="Unica77LL-Medium"
            fontSize="14px"
            lineHeight="24px"
            style={
              Array [
                Object {
                  "color": "black",
                  "fontFamily": "Unica77LL-Medium",
                  "fontSize": 14,
                  "lineHeight": 24,
                },
                Object {},
              ]
            }
          >
            Ok
          </Text>
        </View>
      </View>
    </View>
  </Modal>
</View>
`;
