// Jest Snapshot v1, https://goo.gl/fbAQLP

exports[`CaretButton renders properly 1`] = `
<View
  accessible={true}
  alignItems="center"
  flexDirection="row"
  height={36}
  justifyContent="space-between"
  onResponderGrant={[Function]}
  onResponderMove={[Function]}
  onResponderRelease={[Function]}
  onResponderTerminate={[Function]}
  onResponderTerminationRequest={[Function]}
  onStartShouldSetResponder={[Function]}
  style={
    Array [
      Object {
        "alignItems": "center",
        "display": "flex",
        "flexDirection": "row",
        "height": 36,
        "justifyContent": "space-between",
      },
      undefined,
    ]
  }
>
  <Text
    accessible={true}
    allowFontScaling={true}
    className="sc-htpNat KtFsv"
    ellipsizeMode="tail"
    fontFamily="AvantGardeGothicITC"
    fontSize={14}
    lineHeight={18}
    style={
      Array [
        Object {
          "fontFamily": "AvantGardeGothicITC",
          "fontSize": 14,
          "lineHeight": 18,
        },
        undefined,
      ]
    }
  >
    I am a caret button
  </Text>
  <Image
    source={
      Object {
        "testUri": "../../../images/horizontal_chevron.png",
      }
    }
    style={
      Object {
        "alignSelf": "center",
      }
    }
  />
</View>
`;
