// Jest Snapshot v1, https://goo.gl/fbAQLP

exports[`renders properly 1`] = `
<View
  style={
    Array [
      Object {
        "backgroundColor": "black",
        "paddingBottom": 9,
        "paddingLeft": 20,
        "paddingRight": 6,
        "paddingTop": 13,
      },
    ]
  }
>
  <View
    accessible={true}
    onResponderGrant={[Function]}
    onResponderMove={[Function]}
    onResponderRelease={[Function]}
    onResponderTerminate={[Function]}
    onResponderTerminationRequest={[Function]}
    onStartShouldSetResponder={[Function]}
    style={
      Array [
        Object {
          "flexDirection": "row",
          "justifyContent": "space-between",
        },
      ]
    }
  >
    <Text
      style={
        Array [
          Object {
            "color": "white",
            "fontFamily": "AGaramondPro-Regular",
            "fontSize": 15,
          },
        ]
      }
    >
      uI am a navigation button
    </Text>
    <Image
      source={
        Object {
          "testUri": "../../../images/horizontal_chevron_white.png",
        }
      }
    />
  </View>
</View>
`;
