// Jest Snapshot v1, https://goo.gl/fbAQLP

exports[`Renders a show 1`] = `
<RCTScrollView
  ListHeaderComponent={<Header />}
  data={
    Array [
      Object {
        "data": Object {},
        "type": "location",
      },
      Object {
        "data": Array [],
        "type": "artworks",
      },
      Object {
        "data": Array [],
        "type": "artists",
      },
      Object {
        "data": Array [
          Object {
            "__id": "foo",
          },
        ],
        "type": "shows",
      },
    ]
  }
  disableVirtualization={false}
  getItem={[Function]}
  getItemCount={[Function]}
  horizontal={false}
  initialNumToRender={10}
  invertStickyHeaders={undefined}
  keyExtractor={[Function]}
  maxToRenderPerBatch={10}
  numColumns={1}
  onContentSizeChange={[Function]}
  onEndReachedThreshold={2}
  onLayout={[Function]}
  onMomentumScrollEnd={[Function]}
  onScroll={[Function]}
  onScrollBeginDrag={[Function]}
  onScrollEndDrag={[Function]}
  renderItem={[Function]}
  scrollEventThrottle={50}
  stickyHeaderIndices={Array []}
  updateCellsBatchingPeriod={50}
  viewabilityConfigCallbackPairs={Array []}
  windowSize={21}
>
  <View>
    <View
      onLayout={[Function]}
      style={null}
    >
      <View />
    </View>
    <View
      onLayout={[Function]}
      style={null}
    />
    <View
      onLayout={[Function]}
      style={null}
    >
      <Text
        accessible={true}
        allowFontScaling={true}
        ellipsizeMode="tail"
      >
        []
      </Text>
    </View>
    <View
      onLayout={[Function]}
      style={null}
    >
      <Text
        accessible={true}
        allowFontScaling={true}
        ellipsizeMode="tail"
      >
        []
      </Text>
    </View>
    <View
      onLayout={[Function]}
      style={null}
    >
      <Text
        accessible={true}
        allowFontScaling={true}
        ellipsizeMode="tail"
      >
        [{"__id":"foo"}]
      </Text>
    </View>
    <View
      style={
        Object {
          "height": 0,
        }
      }
    />
  </View>
</RCTScrollView>
`;
