// Jest Snapshot v1, https://goo.gl/fbAQLP

exports[`lays out correctly 1`] = `
<View
  onLayout={[Function]}
  style={
    Object {
      "flexDirection": "column",
    }
  }
>
  <Text
    numberOfLines={1}
    style={
      Array [
        Object {
          "fontSize": 17,
        },
        Object {
          "fontSize": 20,
        },
        Object {
          "fontFamily": "AGaramondPro-Regular",
        },
      ]
    }
  >
    Related Artists
  </Text>
  <View
    style={
      Object {
        "alignItems": "flex-start",
        "flexDirection": "row",
        "flexWrap": "wrap",
        "justifyContent": "space-around",
        "marginLeft": -10,
        "marginRight": -10,
        "marginTop": 12,
      }
    }
  >
    <View
      accessible={true}
      onResponderGrant={[Function]}
      onResponderMove={[Function]}
      onResponderRelease={[Function]}
      onResponderTerminate={[Function]}
      onResponderTerminationRequest={[Function]}
      onStartShouldSetResponder={[Function]}
      style={
        Object {
          "margin": 5,
          "paddingBottom": 20,
          "width": 242,
        }
      }
    >
      <AROpaqueImageView
        style={
          Object {
            "height": 161,
            "width": 242,
          }
        }
      />
      <Text
        style={
          Object {
            "fontFamily": "AvantGardeGothicITC",
            "fontSize": 12,
            "marginTop": 10,
            "textAlign": "left",
          }
        }
      >
        SARAH SCOTT
      </Text>
      <Text
        style={
          Object {
            "color": "#666666",
            "fontFamily": "AGaramondPro-Regular",
            "fontSize": 16,
            "marginTop": 5,
          }
        }
      >
        4 works
      </Text>
    </View>
    <View
      style={
        Object {
          "height": 161,
          "width": 242,
        }
      }
    />
    <View
      style={
        Object {
          "height": 161,
          "width": 242,
        }
      }
    />
  </View>
</View>
`;
