// Jest Snapshot v1, https://goo.gl/fbAQLP

exports[`renders properly 1`] = `
<ArtworksGrid
  filtered_artworks={null}
  gene={
    Object {
      "artworks": Object {
        "edges": Array [
          Object {
            "node": Object {
              "artists": Array [
                Object {
                  "name": "Jenny Holzer",
                },
              ],
              "date": "2008",
              "href": "/artwork/jenny-holzer-talking-politics",
              "id": "artwork-talking-politics",
              "image": Object {
                "aspect_ratio": 1.27,
                "url": "artsy.net/image-url",
              },
              "is_in_auction": false,
              "partner": Object {
                "name": "Kukje Gallery",
              },
              "sale_message": "Not for sale",
              "title": "TALKING POLITICS",
            },
          },
          Object {
            "node": Object {
              "artists": Array [
                Object {
                  "name": "Jenny Holzer",
                },
              ],
              "date": "2008",
              "href": "/artwork/jenny-holzer-talking-politics",
              "id": "artwork-talking-politics",
              "image": Object {
                "aspect_ratio": 1.27,
                "url": "artsy.net/image-url",
              },
              "is_in_auction": false,
              "partner": Object {
                "name": "Kukje Gallery",
              },
              "sale_message": "Not for sale",
              "title": "TALKING POLITICS",
            },
          },
          Object {
            "node": Object {
              "artists": Array [
                Object {
                  "name": "Jenny Holzer",
                },
              ],
              "date": "2008",
              "href": "/artwork/jenny-holzer-talking-politics",
              "id": "artwork-talking-politics",
              "image": Object {
                "aspect_ratio": 1.27,
                "url": "artsy.net/image-url",
              },
              "is_in_auction": false,
              "partner": Object {
                "name": "Kukje Gallery",
              },
              "sale_message": "Not for sale",
              "title": "TALKING POLITICS",
            },
          },
        ],
      },
    }
  }
  mapPropsToArtworksConnection={[Function]}
/>
`;
