// Jest Snapshot v1, https://goo.gl/fbAQLP

exports[`Renders a show 1`] = `
<RCTScrollView
  ListHeaderComponent={
    <ShowHeader
      onMoreInformationPressed={[Function]}
      onSaveShowPressed={[Function]}
      show={
        Object {
          "artists": Array [],
          "artworks": Array [],
          "location": Object {},
          "shows": Array [],
        }
      }
    />
  }
  data={
    Array [
      Object {
        "data": Object {},
        "type": "location",
      },
      Object {
        "data": Array [],
        "type": "artworks",
      },
      Object {
        "data": Array [],
        "type": "artists",
      },
      Object {
        "data": Array [
          Object {
            "__id": "foo",
          },
        ],
        "type": "shows",
      },
    ]
  }
  disableVirtualization={false}
  getItem={[Function]}
  getItemCount={[Function]}
  horizontal={false}
  initialNumToRender={10}
  invertStickyHeaders={undefined}
  keyExtractor={[Function]}
  maxToRenderPerBatch={10}
  numColumns={1}
  onContentSizeChange={[Function]}
  onEndReachedThreshold={2}
  onLayout={[Function]}
  onMomentumScrollEnd={[Function]}
  onScroll={[Function]}
  onScrollBeginDrag={[Function]}
  onScrollEndDrag={[Function]}
  renderItem={[Function]}
  scrollEventThrottle={50}
  stickyHeaderIndices={Array []}
  updateCellsBatchingPeriod={50}
  viewabilityConfigCallbackPairs={Array []}
  windowSize={21}
>
  <View>
    <View
      onLayout={[Function]}
      style={null}
    >
      <RCTScrollView
        horizontal={true}
        onLayout={[Function]}
        onScroll={[Function]}
        pagingEnabled={true}
        scrollEventThrottle={160}
        showsHorizontalScrollIndicator={false}
        style={
          Array [
            Object {
              "flexBasis": 0,
              "flexGrow": 1,
              "flexShrink": 1,
            },
            undefined,
          ]
        }
      >
        <View>
          <View
            height={250}
            style={
              Array [
                Object {
                  "height": 250,
                },
                undefined,
              ]
            }
          />
        </View>
      </RCTScrollView>
      <View
        alignItems="center"
        flexDirection="row"
        justifyContent="center"
        mb={1}
        mt={1}
        style={
          Array [
            Object {
              "alignItems": "center",
              "display": "flex",
              "flexDirection": "row",
              "justifyContent": "center",
              "marginBottom": 10,
              "marginTop": 10,
            },
            undefined,
          ]
        }
      />
      <Text
        accessible={true}
        allowFontScaling={true}
        className="sc-bwzfXH uTxCW"
        ellipsizeMode="tail"
        fontFamily="AGaramondPro-Semibold"
        fontSize={22}
        lineHeight={28}
        style={
          Array [
            Object {
              "fontFamily": "AGaramondPro-Semibold",
              "fontSize": 22,
              "lineHeight": 28,
              "textAlign": "center",
            },
            undefined,
          ]
        }
        textAlign="center"
      />
      <Text
        accessible={true}
        allowFontScaling={true}
        className="sc-bwzfXH uTxCW"
        ellipsizeMode="tail"
        fontFamily="AGaramondPro-Regular"
        fontSize={16}
        lineHeight={24}
        style={
          Array [
            Object {
              "fontFamily": "AGaramondPro-Regular",
              "fontSize": 16,
              "lineHeight": 24,
              "textAlign": "center",
            },
            undefined,
          ]
        }
        textAlign="center"
      />
      <View
        px={2}
        style={
          Array [
            Object {
              "paddingLeft": 20,
              "paddingRight": 20,
            },
            undefined,
          ]
        }
      >
        <View
          alignItems="center"
          alignSelf="center"
          justifyContent="center"
          px={2}
          py={1}
          style={
            Array [
              Object {
                "alignItems": "center",
                "display": "flex",
                "justifyContent": "center",
                "paddingBottom": 10,
                "paddingLeft": 20,
                "paddingRight": 20,
                "paddingTop": 10,
              },
              Array [
                Object {
                  "backgroundColor": "#E5E5E5",
                  "borderRadius": 20,
                },
                undefined,
              ],
            ]
          }
        >
          <Text
            accessible={true}
            allowFontScaling={true}
            className="sc-bdVaJa bDWFJH"
            ellipsizeMode="tail"
            fontFamily="Unica77LL-Regular"
            fontSize={14}
            lineHeight={24}
            style={
              Array [
                Object {
                  "fontFamily": "Unica77LL-Regular",
                  "fontSize": 14,
                  "lineHeight": 24,
                },
                undefined,
              ]
            }
          />
        </View>
        <View
          m={2}
          style={
            Array [
              Object {
                "marginBottom": 20,
                "marginLeft": 20,
                "marginRight": 20,
                "marginTop": 20,
              },
              undefined,
            ]
          }
        />
        <View
          accessibilityComponentType={undefined}
          accessibilityLabel={undefined}
          accessibilityTraits={undefined}
          accessible={true}
          collapsable={undefined}
          hitSlop={undefined}
          nativeID={undefined}
          onLayout={undefined}
          onResponderGrant={[Function]}
          onResponderMove={[Function]}
          onResponderRelease={[Function]}
          onResponderTerminate={[Function]}
          onResponderTerminationRequest={[Function]}
          onStartShouldSetResponder={[Function]}
          style={
            Object {
              "alignItems": "center",
              "backgroundColor": "rgba(0, 0, 0, 1)",
              "borderColor": "rgba(0, 0, 0, 1)",
              "borderWidth": 1,
              "height": 36,
              "justifyContent": "center",
              "opacity": 1,
            }
          }
          testID={undefined}
        >
          <Text
            accessible={true}
            allowFontScaling={true}
            ellipsizeMode="tail"
            style={
              Array [
                Object {
                  "fontSize": 12,
                },
                Object {
                  "fontFamily": "AvantGardeGothicITC",
                },
                Object {
                  "color": "rgba(255, 255, 255, 1)",
                  "opacity": 1,
                },
              ]
            }
          >
            SAVE
          </Text>
        </View>
        <View
          m={2}
          style={
            Array [
              Object {
                "marginBottom": 20,
                "marginLeft": 20,
                "marginRight": 20,
                "marginTop": 20,
              },
              undefined,
            ]
          }
        />
        <Text
          accessible={true}
          allowFontScaling={true}
          className="sc-bwzfXH uTxCW"
          ellipsizeMode="tail"
          fontFamily="AGaramondPro-Regular"
          fontSize={14}
          lineHeight={18}
          style={
            Array [
              Object {
                "fontFamily": "AGaramondPro-Regular",
                "fontSize": 14,
                "lineHeight": 18,
              },
              undefined,
            ]
          }
        />
        <View
          m={1}
          style={
            Array [
              Object {
                "marginBottom": 10,
                "marginLeft": 10,
                "marginRight": 10,
                "marginTop": 10,
              },
              undefined,
            ]
          }
        />
        <View
          accessibilityComponentType={undefined}
          accessibilityLabel={undefined}
          accessibilityTraits={undefined}
          accessible={true}
          alignItems="center"
          flexDirection="row"
          height={36}
          hitSlop={undefined}
          justifyContent="space-between"
          nativeID={undefined}
          onLayout={undefined}
          onResponderGrant={[Function]}
          onResponderMove={[Function]}
          onResponderRelease={[Function]}
          onResponderTerminate={[Function]}
          onResponderTerminationRequest={[Function]}
          onStartShouldSetResponder={[Function]}
          style={
            Array [
              Object {
                "alignItems": "center",
                "display": "flex",
                "flexDirection": "row",
                "height": 36,
                "justifyContent": "space-between",
              },
              undefined,
            ]
          }
          testID={undefined}
        >
          <Text
            accessible={true}
            allowFontScaling={true}
            className="sc-htpNat KtFsv"
            ellipsizeMode="tail"
            fontFamily="AvantGardeGothicITC"
            fontSize={14}
            lineHeight={18}
            style={
              Array [
                Object {
                  "fontFamily": "AvantGardeGothicITC",
                  "fontSize": 14,
                  "lineHeight": 18,
                },
                undefined,
              ]
            }
          >
            More Information
          </Text>
          <Image
            source={
              Object {
                "testUri": "../../../images/horizontal_chevron.png",
              }
            }
            style={
              Object {
                "alignSelf": "center",
              }
            }
          />
        </View>
        <View
          m={1}
          style={
            Array [
              Object {
                "marginBottom": 10,
                "marginLeft": 10,
                "marginRight": 10,
                "marginTop": 10,
              },
              undefined,
            ]
          }
        />
        <View
          style={
            Array [
              Object {
                "borderBottomWidth": 0,
                "borderColor": "#E5E5E5",
                "borderStyle": "solid",
                "borderWidth": 1,
                "width": "100%",
              },
              undefined,
            ]
          }
          width="100%"
        />
        <View
          m={1}
          style={
            Array [
              Object {
                "marginBottom": 10,
                "marginLeft": 10,
                "marginRight": 10,
                "marginTop": 10,
              },
              undefined,
            ]
          }
        />
      </View>
    </View>
    <View
      onLayout={[Function]}
      style={null}
    />
    <View
      onLayout={[Function]}
      style={null}
    >
      <Text
        accessible={true}
        allowFontScaling={true}
        ellipsizeMode="tail"
      >
        []
      </Text>
    </View>
    <View
      onLayout={[Function]}
      style={null}
    >
      <Text
        accessible={true}
        allowFontScaling={true}
        ellipsizeMode="tail"
      >
        []
      </Text>
    </View>
    <View
      onLayout={[Function]}
      style={null}
    >
      <Text
        accessible={true}
        allowFontScaling={true}
        ellipsizeMode="tail"
      >
        [{"__id":"foo"}]
      </Text>
    </View>
    <View
      style={
        Object {
          "height": 0,
        }
      }
    />
  </View>
</RCTScrollView>
`;
